REFINEMENT
   URNA_R(CANDIDATOS,secao_num)
REFINES
   URNA
SETS VOTOU = {SIM,NAO}
VARIABLES
   candidatos_r, 
   votos_r ,
   secao_da_urna_r ,
   eleitores_da_urna_r ,
   estado_atual_r,
   estados_r
INVARIANT eleitores_da_urna_r : 1..card(ELEITORES_DA_URNA) --> VOTOU
          & card(dom(eleitores_da_urna_r |> {NAO})) = card(ELEITORES_DA_URNA)
          & candidatos_r : iseq1(CANDIDATOS)
          & votos_r : seq1(NAT)
          & secao_da_urna_r : NAT
          & card(candidatos_r) = card(votos_r)
          & ran(candidatos_r) = dom(votos)
          & !xx.( xx: 1..card(candidatos_r) => votos(candidatos_r(xx)) = votos_r(xx))
          & ran(votos_r) = ran(votos)
          & estados_r : 1..3 >-> ESTADOS
          & estado_atual_r : 1..3

INITIALISATION eleitores_da_urna_r := %xx.(xx:1..card(eleitores_da_urna_r) | NAO)
               || estados_r := {1|->PRE_EXECUCAO, 2|->EXECUCAO,3|->FINALIZADO}  
               || estado_atual_r := 1
               || secao_da_urna_r := secao_num 

OPERATIONS
   zeresima =
   BEGIN
       estado_atual_r := 2   
   END;

   votar ( cc , ee ) =
   BEGIN
       eleitores_da_urna_r(ee) := NAO
       || votos_r( dom(candidatos_r |> {cc}) ):= votos_r( dom(candidatos_r |> {cc}) ) + 1
   END;

   finalizar =
   BEGIN
       estado_atual_r := 3  
   END;

   ss <-- votos_do_candidato ( cc ) =
   BEGIN
       ss := votos_r( dom(candidatos_r |> {cc}) )
   END


END
